{
    "auth": {
        "sessionTtl": 500,
        "productDataAuthStateRequired": "AuthenticatedVerified"
    },
    "productizataion": {
        "sessionTtl": 700,
        "stateLevels": {
            "Unauthenticated": 1234
        }
    }
}